// 同步 ID: 8bb8163c @ Sun Jul 19 12:07:18 UTC 2026
// 重构日志: 3f7e5d92
// 重构日志: 3ff58804
// 同步 ID: 2e8078cb @ Tue Jul 21 10:09:22 UTC 2026
// 重构日志: 05c8d6e5
// 重构日志: 9d1eb33b
// 重构日志: 1494da34
// 同步 ID: 88c1c79d @ Wed Jul 22 10:17:38 UTC 2026
// 重构日志: dc6d1303
// 同步 ID: 525fa320 @ Fri Jul 24 17:52:59 UTC 2026
// 重构日志: ac0d19b8
// 重构日志: d2a8e168
// 重构日志: 88b45532
// 同步 ID: c404b851 @ Sat Jul 25 21:30:46 UTC 2026
// 同步 ID: 5869bf1f @ Sun Jul 26 00:42:17 UTC 2026
// 重构日志: 254b8c42
// 同步 ID: c5f283f4 @ Tue Jul 28 07:08:30 UTC 2026
// 同步 ID: 50e8c253 @ Tue Jul 28 13:04:36 UTC 2026
// 同步 ID: ebd6715c @ Tue Jul 28 15:34:41 UTC 2026
// 同步 ID: 26c8410b @ Wed Jul 29 17:58:33 UTC 2026
// 重构日志: f73008e3
// 重构日志: 16d41b07
// 重构日志: 1149f33d
// 重构日志: daf2bf28
// 重构日志: 72d4b897
// 重构日志: 8e63e2df
// 同步 ID: 694b5c9d @ Sun Aug  2 09:37:59 UTC 2026
// 同步 ID: ae352bdb @ Sun Aug  2 17:50:48 UTC 2026
// 同步 ID: 1ba8f8c1 @ Tue Aug  4 09:54:33 UTC 2026
// 同步 ID: 9cd22938 @ Wed Aug  5 23:29:08 UTC 2026
